$ bash scripts/test-rules.sh
i  emulators: Starting emulators: firestore
i  emulators: Detected demo project ID "demo-teamledger", emulated services will use a demo configuration and attempts to access non-emulated services for this project will fail.
i  firestore: Firestore Emulator logging to firestore-debug.log
✔  firestore: Firestore Emulator was started in standard edition.
✔  firestore: Firestore Emulator UI websocket is running on 9150.
i  Running script: bunx vitest run tests/rules
(!) Your Vite config uses features that are unsupported by `configLoader: 'native'`, which is planned to become the default in a future major version of Vite:
  - ESM syntax in a file loaded as CommonJS (vitest.config.ts:1:1). Use a `.mjs` extension or set `"type": "module"` in the closest package.json
Set `VITE_CONFIG_NATIVE_IGNORE_WARNING=true` to suppress this warning.

 RUN  v4.1.11 /Users/gahn/Projects/99-aibootcamp-vibecoding


 Test Files  1 passed (1)
      Tests  13 passed (13)
   Start at  03:15:26
   Duration  1.60s (transform 18ms, setup 0ms, import 101ms, tests 1.23s, environment 0ms)

✔  Script exited successfully (code 0)
i  emulators: Shutting down emulators.
i  firestore: Stopping Firestore Emulator
i  hub: Stopping emulator hub
i  logging: Stopping Logging Emulator
